// Jest Snapshot v1, https://goo.gl/fbAQLP

exports[`Atom.Toast.Stories 1`] = `
"<div>
    <div class=\\"snapshot\\" id=\\"Success\\">
        <div class=\\"notification is-success\\" style=\\"paddingRight:1em;width:80%;\\">
            <button class=\\"delete\\">
            </button>
            <span>
                Toast
            </span>
        </div>
    </div>
    <div class=\\"snapshot\\" id=\\"Warning\\">
        <div class=\\"notification is-warning\\" style=\\"paddingRight:1em;width:80%;\\">
            <button class=\\"delete\\">
            </button>
            <span>
                Toast
            </span>
        </div>
    </div>
    <div class=\\"snapshot\\" id=\\"Error\\">
        <div class=\\"notification is-danger\\" style=\\"paddingRight:1em;width:80%;\\">
            <button class=\\"delete\\">
            </button>
            <span>
                Toast
            </span>
        </div>
    </div>
</div>"
`;
