// Jest Snapshot v1, https://goo.gl/fbAQLP

exports[`Page.Contacts.Stories 1`] = `
"<div>
    <div class=\\"snapshot\\" id=\\"Default\\">
        <div style=\\"backgroundColor:#CCC;\\">
            <nav class=\\"navbar\\" aria-label=\\"main navigation\\" role=\\"navigation\\">
                <div class=\\"navbar-brand\\">
                    <a class=\\"navbar-item\\" href=\\"\\">
                        <img alt=\\"Bulma: a modern CSS framework based on Flexbox\\" height=\\"28\\" src=\\"http://bulma.io/images/bulma-logo.png\\" width=\\"112\\">
                    </a>
                    <button class=\\"button navbar-burger\\" data-target=\\"navMenu\\">
                        <span>
                        </span>
                        <span>
                        </span>
                        <span>
                        </span>
                    </button>
                </div>
                <div class=\\"navbar-menu\\" id=\\"navMenubd-example\\">
                    <a class=\\"navbar-item \\">
                        <span>
                            Home
                        </span>
                    </a>
                    <a class=\\"navbar-item \\">
                        <span>
                            About
                        </span>
                    </a>
                </div>
            </nav>
            <div style=\\"padding:3em;\\">
                <div class=\\"tile is-ancestor\\">
                    <div class=\\"tile is-parent\\">
                        <div class=\\"card\\">
                            <div class=\\"card-content\\">
                                <div class=\\"media\\">
                                    <div class=\\"media-left\\">
                                        <figure class=\\"image is-48x48\\">
                                            <img alt=\\"Image\\" src=\\"http://bulma.io/images/placeholders/96x96.png\\">
                                        </figure>
                                    </div>
                                    <div class=\\"media-content\\">
                                        <p class=\\"title is-4\\">
                                            Lorem ipsum
                                        </p>
                                        <p class=\\"subtitle is-6\\">
                                            @lorem
                                        </p>
                                    </div>
                                </div>
                                <div class=\\"content\\">
                                    Lorem ipsum dolor sit amet, consectetur adipiscing elit.
      Phasellus nec iaculis mauris.
                                </div>
                            </div>
                        </div>
                    </div>
                    <div class=\\"tile is-parent\\">
                        <div class=\\"card\\">
                            <div class=\\"card-content\\">
                                <div class=\\"media\\">
                                    <div class=\\"media-left\\">
                                        <figure class=\\"image is-48x48\\">
                                            <img alt=\\"Image\\" src=\\"http://bulma.io/images/placeholders/96x96.png\\">
                                        </figure>
                                    </div>
                                    <div class=\\"media-content\\">
                                        <p class=\\"title is-4\\">
                                            Lorem ipsum
                                        </p>
                                        <p class=\\"subtitle is-6\\">
                                            @lorem
                                        </p>
                                    </div>
                                </div>
                                <div class=\\"content\\">
                                    Lorem ipsum dolor sit amet, consectetur adipiscing elit.
      Phasellus nec iaculis mauris.
                                </div>
                            </div>
                        </div>
                    </div>
                </div>
                <div class=\\"tile is-ancestor\\">
                    <div class=\\"tile is-parent\\">
                        <div class=\\"card\\">
                            <div class=\\"card-content\\">
                                <div class=\\"media\\">
                                    <div class=\\"media-left\\">
                                        <figure class=\\"image is-48x48\\">
                                            <img alt=\\"Image\\" src=\\"http://bulma.io/images/placeholders/96x96.png\\">
                                        </figure>
                                    </div>
                                    <div class=\\"media-content\\">
                                        <p class=\\"title is-4\\">
                                            Lorem ipsum
                                        </p>
                                        <p class=\\"subtitle is-6\\">
                                            @lorem
                                        </p>
                                    </div>
                                </div>
                                <div class=\\"content\\">
                                    Lorem ipsum dolor sit amet, consectetur adipiscing elit.
      Phasellus nec iaculis mauris.
                                </div>
                            </div>
                        </div>
                    </div>
                    <div class=\\"tile is-parent\\">
                        <div class=\\"card\\">
                            <div class=\\"card-content\\">
                                <div class=\\"media\\">
                                    <div class=\\"media-left\\">
                                        <figure class=\\"image is-48x48\\">
                                            <img alt=\\"Image\\" src=\\"http://bulma.io/images/placeholders/96x96.png\\">
                                        </figure>
                                    </div>
                                    <div class=\\"media-content\\">
                                        <p class=\\"title is-4\\">
                                            Lorem ipsum
                                        </p>
                                        <p class=\\"subtitle is-6\\">
                                            @lorem
                                        </p>
                                    </div>
                                </div>
                                <div class=\\"content\\">
                                    Lorem ipsum dolor sit amet, consectetur adipiscing elit.
      Phasellus nec iaculis mauris.
                                </div>
                            </div>
                        </div>
                    </div>
                </div>
            </div>
        </div>
    </div>
</div>"
`;
